0. Take note that in line 1, constructor `HashSet` from class `HashSet` is invoked.
1. Take note that in line 2, constructor `HashSet` from class `HashSet` is invoked.
2. Take note that in line 2, method `asList` from class `Arrays` is invoked.
3. Take note that in line 2, method `add` from class `Set` is invoked.
4. Take note that in line 3, constructor `HashSet` from class `HashSet` is invoked.
5. Take note that in line 3, method `asList` from class `Arrays` is invoked.
6. Take note that in line 3, method `add` from class `Set` is invoked.
7. In line 4, method `flatten` of class `ACollectionHelper` is invoked.
8. Certainly! The code you provided is a method called `flatten` defined in the class `ACollectionHelper`. Here's a summary of what the method does:

- The method takes in an `Iterable` of `Iterable` objects (`Iterable<? extends Iterable<T>> coll`) as a parameter and returns a new `Collection` (`Collection<T>`).

- Inside the method, a new `ArrayList` is created to store the flattened elements (`final List<T> result = new ArrayList<>();`).

- The method then iterates over each `Iterable` object in the input collection using an enhanced for loop (`for (Iterable<T> o : coll)`).

- For each `Iterable` object, the method iterates over its elements using another enhanced for loop (`for (T el : o)`).

- Inside the nested loop, each element is added to the `result` list using the `add` method (`result.add(el)`).

- Once all the elements have been added, the `result` list is returned.

In summary, the `flatten` method takes a collection of collections and creates a new collection by iterating over the inner collections and adding their elements to a new list, essentially flattening the nested structure.
9. Take note that in line 1, an object of class `HashSet` is created.
10. Take note that in line 1, an object of class `String` is created.
11. Take note that in line 1, an object of class `Set` is created.
12. Take note that in line 2, an object of class `HashSet` is created.
13. Take note that in line 3, an object of class `HashSet` is created.
14. Take note that in line 4, an object of class `String` is created.
15. Take note that in line 4, an object of class `Collection` is created.

