0. Take note that in line 1, constructor `Anonymous-bdda8686-8baa-40ba-a370-628d31b659a0` from class `ACollectionHelperTest` is invoked.
1. Take note that in line 1, an object of class `Integer` is created.
2. Take note that in line 1, an object of class `Object` is created.
3. In line 1, an object of class `AEquality` is instantiated
4. This code is for the class `AEquality` which represents a strategy for handling equality between elements of a collection. Here is the explanation of the code:

- The class is defined in the package `com.ajjpj.afoundation.collection`.
- It implements the `Serializable` interface.
- It has two abstract methods: `boolean equals(Object o1, Object o2)` and `int hashCode(Object o)`.
- It declares three constants as instances of the class: `EQUALS`, `IDENTITY`, and `NATURAL_ORDER`.
- It contains four nested classes: `Equals`, `Identity`, `NaturalOrder`, and `ComparatorBased`.
- The nested class `Equals` implements `AEquality` and provides the default equality strategy based on the `equals()` and `hashCode()` methods of the elements.
- The nested class `Identity` implements `AEquality` and uses object identity (`==`) to decide equality and the `System.identityHashCode()` for hash code calculation.
- The nested class `NaturalOrder` implements `AEquality` and requires objects to be `Comparable`. It uses the `compareTo()` method to determine equality and the `Objects.hashCode()` for hash code calculation.
- The nested class `ComparatorBased` implements `AEquality` and takes a `Comparator` as a parameter. It uses the comparator to compare objects for equality.

These different equality strategies can be used to define how elements of a collection are compared for equality and hashing.
5. Take note that in line 2, an object of class `Integer` is created.
6. Take note that in line 3, an object of class `Integer` is created.

