0. In line 1, method `load` of class `AgentsFile` is invoked.
1. The `load` method in the `AgentsFile` class takes a `File` object as an argument and returns a `Registry` object. Here is a step-by-step breakdown of the method code:

1. It creates a new instance of the `Registry` class.
```java
Registry registry = new Registry();
```

2. It converts the content of the `agentFile` into a string.
```java
String content = fileAsText(agentFile);
```

3. It splits the content string into an array of lines using the newline character (`\n`) as the delimiter.
```java
String[] lines = content.split(NEW_LINE);
```

4. It initializes a variable `lineNumber` to keep track of the current line number.
```java
int lineNumber = 0;
```

5. It starts a loop to iterate over each line in the `lines` array.
```java
for (String line : lines) {
    // loop body
}
```

6. Inside the loop, it increments the `lineNumber`.
```java
lineNumber++;
```

7. It cleans up the line by removing any leading or trailing whitespace characters.
```java
line = cleanLine(line);
```

8. If the cleaned line is empty, it skips the current iteration of the loop.
```java
if (line.isEmpty()) {
    continue;
}
```

9. It searches for the index of the `|` character in the line to separate the addresses from the tags.
```java
int tagsIndex = line.indexOf('|');
```

10. It extracts the addresses part and tags part of the line string using the `tagsIndex`.
```java
String addressesString = tagsIndex == -1 ? line : line.substring(0, tagsIndex);
String tagsString = tagsIndex == -1 ? "" : line.substring(tagsIndex + 1);
```

11. It declares two string variables `publicIpAddress` and `privateIpAddress`.
```java
String publicIpAddress;
String privateIpAddress;
```

12. It splits the `addressesString` using the comma (`,`) as the delimiter to extract the public and private IP addresses.
```java
String[] addresses = addressesString.split(",");
```

13. It uses a `switch` statement to handle the cases where there is only one or two addresses.
```java
switch(addresses.length) {
    case 1:
        publicIpAddress = addresses[0];
        privateIpAddress = addresses[0];
        break;
    case 2:
        publicIpAddress = addresses[0];
        privateIpAddress = addresses[1];
        break;
    default:
        throw new CommandLineExitException(format("Line %s of file %s is invalid! " +
                "It should contain one or two IP addresses separated by a comma, " +
                "but it contains %s", lineNumber, agentFile, addresses.length));
}
```

14. It utilizes the `TagUtils.parseTags` method to parse the `tagsString` into a map of key-value pairs representing tags.
```java
Map<String, String> tags = TagUtils.parseTags(tagsString);
```

15. It adds the agent (public and private IP addresses and tags) to the `registry`.
```java
registry.addAgent(publicIpAddress, privateIpAddress, tags);
```

16. After the loop ends, it returns the `registry` object.
```java
return registry;
```

This method essentially reads the content of a file, processes each line to extract IP addresses and tags, and populates a `Registry` object with the agents' information.
2. In line 1, the variable `registry` might have been updated
3. Since only the creation of a new instance of the `Registry` class is performed in line 1, without any further modifications, the value of the `registry` variable remains the same. It will still be a newly created instance of the `Registry` class.
4. In line 2, method `addAgent` of class `Registry` is invoked.
5. Certainly! The method `addAgent` in the `Registry` class has an overloaded version that takes two parameters: `publicAddress` and `privateAddress`, both of type `String`. This version of the method is being invoked in line 2 with these two parameters.

Here is a step-by-step breakdown of the method code:

1. The method calls another overloaded version of the `addAgent` method by passing the `publicAddress` and `privateAddress` as well as an empty `HashMap` object.
```java
return addAgent(publicAddress, privateAddress, new HashMap<>());
```

2. The `addAgent` method with three parameters (`publicAddress`, `privateAddress`, and `tags`) is executed.
```java
public AgentData addAgent(String publicAddress, String privateAddress, Map<String, String> tags) {
    // method body
}
```

3. Inside the method body, it creates a new instance of `AgentData` class using the provided `publicAddress`, `privateAddress`, and `tags`.
```java
AgentData agentData = new AgentData(publicAddress, privateAddress, tags);
```

4. It adds the `agentData` object to a data structure (e.g., a list or map) to store the agent's data.
```java
agents.add(agentData);
```

5. Finally, it returns the `agentData` object.
```java
return agentData;
```

This method acts as a convenience method that simplifies the process of adding a new agent to the `Registry` class by providing only the public and private addresses. It creates an `AgentData` object with the provided addresses and an empty map of tags, adds it to a data structure, and returns the `AgentData` object.
6. Take note that in line 3, method `addAgent` from class `Registry` is invoked.

