0. In line 1, method `createConfig` of class `Keys` is invoked.
1. The given code is a method named `createConfig` inside the `Keys` class. Let's break down the code step by step:

1. `public static Config createConfig() {`

   - The method is defined as `public`, which means it can be accessed from anywhere.
   - The method is also defined as `static`, which means it can be called without creating an instance of the `Keys` class.
   - The method returns an object of type `Config`.
   
2. `Config config = new Config();`

   - This line creates a new `Config` object and assigns it to the variable `config`. 
   
3. `config.set(CUCUMBERPRO_CONNECTION_TIMEOUT, 5000);`

   - This line sets the `CUCUMBERPRO_CONNECTION_TIMEOUT` property of the `config` object to `5000`.
   
4. `config.set(CUCUMBERPRO_ENVMASK, "SECRET|KEY|TOKEN|PASSWORD");`

   - This line sets the `CUCUMBERPRO_ENVMASK` property of the `config` object to `"SECRET|KEY|TOKEN|PASSWORD"`.
   
5. `config.setNull(CUCUMBERPRO_LOGFILE);`

   - This line sets the `CUCUMBERPRO_LOGFILE` property of the `config` object to `null`.
   
6. `config.set(CUCUMBERPRO_LOGGING, "INFO");`

   - This line sets the `CUCUMBERPRO_LOGGING` property of the `config` object to `"INFO"`.
   
7. `config.setNull(CUCUMBERPRO_PROFILE);`

   - This line sets the `CUCUMBERPRO_PROFILE` property of the `config` object to `null`.
   
8. `config.setNull(CUCUMBERPRO_PROJECTNAME);`

   - This line sets the `CUCUMBERPRO_PROJECTNAME` property of the `config` object to `null`.
   
9. `config.setNull(CUCUMBERPRO_TOKEN);`

   - This line sets the `CUCUMBERPRO_TOKEN` property of the `config` object to `null`.
   
10. `config.set(CUCUMBERPRO_URL, "https://jam.cucumber.io/");`

    - This line sets the `CUCUMBERPRO_URL` property of the `config` object to `"https://jam.cucumber.io/"`.
    
11. `return config;`

    - This line returns the `config` object as the result of the method.
    
The `createConfig` method essentially creates a new `Config` object, sets various properties of the object, and returns it.
2. In line 2, method `buildCucumberProUrl` of class `CucumberProResultsUrlBuilder` is invoked.
3. Certainly! Let's analyze the given code step by step:

1. `static String buildCucumberProUrl(final Config config, final String projectName) {`

   - The method is defined as `static`, which means it can be called without creating an instance of the `CucumberProResultsUrlBuilder` class.
   - The method takes two parameters: `config` of type `Config` and `projectName` of type `String`.
   - The method returns a `String` value.
   
2. `return getCucumberProUrl(config) + "tests/results/" + encodeURIComponent(projectName);`

   - This line returns a concatenation of three strings:
   - `getCucumberProUrl(config)` calls a method named `getCucumberProUrl` with the `config` parameter and returns a `String` value representing the base URL.
   - `+ "tests/results/"` appends the string `"tests/results/"` to the base URL.
   - `+ encodeURIComponent(projectName)` appends the encoded value of the `projectName` to the URL.
   - Overall, this concatenation produces a URL that represents the Cucumber Pro test results for a specific project.
   
   For example, if the `getCucumberProUrl(config)` returns `"https://example.com/"` and the `projectName` parameter is `"my-project"`, the final URL returned by this method will be `"https://example.com/tests/results/my-project"`.
   
3. `}`

   - This is the end of the method code block.
   
In summary, the `buildCucumberProUrl` method takes a `Config` object and a project name as parameters. It uses the `getCucumberProUrl` method to get the base URL, then appends the necessary path and project name to construct the complete URL representing the Cucumber Pro test results for that project. The final URL is returned as a `String` value.
4. In line 1, an object of class `Config` is instantiated
5. This code represents a class named `Config` with various methods and fields. Here's a breakdown of the class code:

1. Package and imports:
   - The class belongs to the `io.cucumber.pro.config` package.
   - It imports several Java classes and interfaces such as `IOException`, `List`, `Map`, and `TreeMap`.

2. Class declaration:
   - The class is declared as `public`, meaning it can be accessed from outside the package.
   
3. Fields:
   - `valueByProperty`: A `TreeMap` that maps property names to `Value` objects.
   - `configByProperty`: Another `TreeMap` that maps property names to `Config` objects.
   
4. Constructor: 
   - There is no constructor present in the provided code.

5. Methods:
   - `getString`, `getBoolean`, `getInteger`, `isNull`: These methods retrieve the value of a specific property by providing its key.
   - `setNull`, `set(String key, String value)`, `set(String key, int value)`, `set(String key, boolean value)`: These methods set the value of a specific property.
   - `setValue`: This method is used internally to set the value of a property.
   - `getChild`: This method retrieves a child `Config` object for a given property.
   - `getValue`: This method retrieves the `Value` object associated with a property.
   - `getIn`, `setIn`: These methods are internal helper methods to get and set values in a nested hierarchical manner.
   - `toYaml`: This method returns the `Config` object represented as YAML format.
   - `print`: This method is used internally for printing the `Config` object's properties and sub-configurations in a hierarchical manner.
   - `indent`: This method adds indentation to the output when printing.
   - `toPath`: This method converts a key string into a list of individual property segments.
   - `normalize`: This method normalizes a key string by replacing underscores with dots and converting it to lowercase.

6. Comments:
   - There are comments present in the code to provide explanations for the methods and class purpose.

In summary, the `Config` class represents a nested configuration with hierarchical keys. It allows getting and setting values of specific properties, retrieving child configurations, serializing to YAML format, and more.
6. Take note that in line 2, an object of class `String` is created.

