0. Take note that in line 1, constructor `DefaultJmxServiceUrlFactory` from class `DefaultJmxServiceUrlFactory` is invoked.
1. In line 3, method `createJMXServiceUrl` of class `DefaultJmxServiceUrlFactory` is invoked.
2. Certainly! 

The code you provided is an implementation of the `createJMXServiceUrl` method in the `DefaultJmxServiceUrlFactory` class. This method takes a `url` parameter of type `String` and returns an object of type `JMXServiceURL`. It also specifies that it can throw a `MalformedURLException` if the provided URL is not valid.

Inside the method, there is a single line of code: `return new JMXServiceURL(url);`. This line creates a new instance of the `JMXServiceURL` class using the provided `url` parameter, and then returns it.

Overall, this method simply creates and returns a `JMXServiceURL` object based on the provided URL string.
3. In line 3, the variable `result` might have been updated
4. I apologize for the confusion, but the provided code snippet does not include the definition of the `result` variable or any code that would update it. Therefore, without additional code or information, it is not possible to determine the updated value of the `result` variable after executing line 3.
5. In line 1, an object of class `DefaultJmxServiceUrlFactory` is instantiated
6. Certainly! This code defines a class named `DefaultJmxServiceUrlFactory` which implements the `JMXServiceUrlFactory` interface. 

This class is in the package `com.amlinv.jmxutil.connection.impl`. It begins with a license header and import statements.

The `JMXServiceUrlFactory` interface is imported from the `com.amlinv.jmxutil.connection` package. This indicates that the class is implementing this interface.

The class has a single method `createJMXServiceUrl`, which takes a `String` parameter named `url` and returns an object of `JMXServiceURL`. This method also declares that it can throw a `MalformedURLException`.

Within the `createJMXServiceUrl` method, there is a single line of code: `return new JMXServiceURL(url);`. This line creates a new instance of the `JMXServiceURL` class using the provided `url` parameter and returns it.

Overall, this class provides an implementation for creating a `JMXServiceURL` object based on a given URL string, as defined by the `JMXServiceUrlFactory` interface.
7. Take note that in line 2, an object of class `JMXServiceURL` is created.

