0. Take note that in line 1, constructor `File` from class `File` is invoked.
1. Take note that in line 2, method `toPath` from class `File` is invoked.
2. Take note that in line 2, method `getBytes` from class `String` is invoked.
3. Take note that in line 2, method `write` from class `Files` is invoked.
4. In line 3, method `readFile` of class `DevUtil` is invoked.
5. Certainly! 

The code you provided is a method definition named `readFile` inside the `DevUtil` class. Here's a breakdown of the method:

- Method signature: `public String readFile(File file) throws IOException`
  - The method is declared as public, which means it can be accessed from other classes.
  - The method returns a `String` value.
  - It takes a single parameter of type `File`, named `file`.
  - It declares that it may throw an `IOException`.

- Method functionality:
  - The method's purpose is to read the contents of a file and return it as a `String`.
  - The body of the method consists of a single line of code.

- Method implementation:
  - Inside the method body, there is a single line of code: `return FileUtils.readFileToString(file, StandardCharsets.UTF_8);`
  - This line of code utilizes a utility method `FileUtils.readFileToString()` from a different class, presumably an external library.
  - The `readFileToString()` method takes two parameters: `file` (the file to be read), and `StandardCharsets.UTF_8` (the encoding to be used).
  - The method call returns the content of the file as a `String`, which is then returned back to the caller.

- Exception handling:
  - The method declares that it may throw an `IOException`.
  - This means that if an error occurs during the file reading process, the method will throw an `IOException`, which needs to be handled appropriately by the caller.

That's a summary of the `readFile` method. If you have any further questions, feel free to ask!
6. Take note that in line 1, an object of class `File` is created.
7. Take note that in line 3, an object of class `String` is created.

