0. Take note that in line 1, method `setProperty` from class `System` is invoked.
1. Take note that in line 2, method `setProperty` from class `System` is invoked.
2. In line 3, an object of class `RpcClient` is instantiated.
3. Certainly! 

This is a constructor code for the `RpcClient` class. 

In this code, several instance variables are initialized within the constructor. Let's go through each of them:

1. `this.taskScanner = new RpcTaskScanner();`:
   - This line creates a new object of the `RpcTaskScanner` class and assigns it to the `taskScanner` instance variable of the `RpcClient` class.

2. `this.userProcessors = new ConcurrentHashMap<String, UserProcessor<?>>();`:
   - This line creates a new instance of the `ConcurrentHashMap` class and assigns it to the `userProcessors` instance variable of the `RpcClient` class. The `ConcurrentHashMap` is a thread-safe implementation of a hash map, where each key is of type `String` and each value is of type `UserProcessor<?>`. The `<?>` is a generic wildcard indicating that the specific type of the `UserProcessor` can be any type.

3. `this.connectionEventHandler = new RpcConnectionEventHandler(this);`:
   - This line creates a new object of the `RpcConnectionEventHandler` class and assigns it to the `connectionEventHandler` instance variable of the `RpcClient` class. The `RpcConnectionEventHandler` class takes a reference to the `RpcClient` object as a parameter in its constructor.

4. `this.connectionEventListener = new ConnectionEventListener();`:
   - This line creates a new object of the `ConnectionEventListener` class and assigns it to the `connectionEventListener` instance variable of the `RpcClient` class.

By instantiating these objects and assigning them to the respective instance variables, the constructor sets up the initial state of the `RpcClient` object with the necessary dependencies.
4. In line 3, the variable `client1` might have been updated
5. As a language model AI, I don't have the ability to execute code or track variable values in real-time. To determine the updated value of `client1` after line 3, I would need to see the code that follows. Please provide the code or the necessary steps after line 3, and I will do my best to assist you.
6. Take note that in line 4, constructor `RpcClient` from class `RpcClient` is invoked.
7. In line 4, the variable `client2` might have been updated
8. Based on the information provided, line 4 invokes the constructor `RpcClient` from the class `RpcClient` and assigns the resulting object to the variable `client2`. Without knowing the code implementation of the `RpcClient` constructor or any subsequent modifications to the `client2` variable, it is not possible to determine the updated value of `client2` after line 4. To determine the updated value, further details or code context would be needed.
9. In line 3, an object of class `RpcClient` is instantiated
10. The provided code defines the `RpcClient` class. Here is a breakdown of the code:

1. The package statement `package com.alipay.remoting.rpc;` specifies the package name of the class.

2. Several import statements import necessary classes and interfaces from different packages.

3. The class definition for `RpcClient` is declared as `public class RpcClient extends AbstractBoltClient`. It extends the `AbstractBoltClient` class.

4. Within the `RpcClient` class, instance variables are defined, such as `taskScanner`, `userProcessors`, `connectionEventHandler`, `connectionEventListener`, and others. These variables represent different aspects of the client's functionality and state.

5. The class contains a constructor `public RpcClient()`. Inside the constructor, several instance variables are initialized using the `new` keyword and their respective constructors. These include `taskScanner`, `userProcessors`, `connectionEventHandler`, and `connectionEventListener`.

6. The class provides various methods that handle different aspects of the RPC client functionality such as startup, shutdown, invoking synchronous and asynchronous calls, managing connections, registering user processors, enabling/disabling features, and more.

7. Some methods are overridden from the parent class `AbstractBoltClient`, implementing specific behavior for the RPC client functionality.

8. The class also implements some additional interfaces such as `ConnectionEventProcessor`.

9. The class provides getters and setters for certain instance variables, allowing external code to modify certain properties of the client.

10. Some deprecated methods are also present, suggesting the recommended alternative methods to use.

11. The class provides implementation details for managing connections, sending requests, handling callbacks, and other functionalities related to an RPC client.

Overall, the `RpcClient` class serves as a client for making Remote Procedure Call (RPC) requests and managing connections in a distributed system.
11. Take note that in line 4, an object of class `RpcClient` is created.

