0. In line 1, method `getPodTemplateBuilder` of class `InitContainerHandlerTest` is invoked.
1. The method `getPodTemplateBuilder` is a private method that belongs to the class `InitContainerHandlerTest`. 

This method returns an object of type `PodTemplateSpecBuilder`. It takes in a variable number of `String` arguments called `definitions`.

In the method body:
1. A new instance of `PodTemplateSpecBuilder` is created and assigned to the variable `ret`.
2. The `withNewMetadata()` method is invoked on the `ret` object to create a new metadata section for the pod template. The `withName()` method is then called to set the name of the pod template as "test-pod-templateSpec". Finally, the `endMetadata()` method is called to indicate the end of the metadata section.
3. The `withNewSpec()` method is invoked on the `ret` object to create a new spec section for the pod template. Inside the spec section, the `withInitContainers()` method is called, passing in the `definitions` argument. This method should return a list of init containers. Finally, the `endSpec()` method is called to indicate the end of the spec section.
4. The `ret` object, which now contains the configured pod template, is returned as the result of the method.

Overall, this method is used to create and configure a `PodTemplateSpecBuilder` object with a specific name and a list of init containers based on the `definitions` argument.

