0. Take note that in line 1, constructor `StringBuffer` from class `StringBuffer` is invoked.
1. Take note that in line 2, method `append` from class `StringBuffer` is invoked.
2. Take note that in line 3, method `append` from class `StringBuffer` is invoked.
3. Take note that in line 4, method `append` from class `StringBuffer` is invoked.
4. Take note that in line 5, method `append` from class `StringBuffer` is invoked.
5. Take note that in line 6, method `toString` from class `StringBuffer` is invoked.
6. In line 6, method `newInstance` of class `InMemoryJavaCompiler` is invoked.
7. Certainly! 

The given method code is a static method named `newInstance` of the class `InMemoryJavaCompiler`. 

Here's a breakdown of what the code does:

1. The method is declared as `public`, which means it can be accessed from anywhere in the code.
2. The method has a return type of `InMemoryJavaCompiler`, which indicates that it returns an instance of the `InMemoryJavaCompiler` class.
3. The keyword `static` indicates that the method belongs to the class itself, rather than an instance of that class.
4. The method body consists of a single line of code.
5. The code creates a new instance of the `InMemoryJavaCompiler` class using the `new` keyword and the default constructor `InMemoryJavaCompiler()`.
6. The `new` keyword is followed by the name of the class `InMemoryJavaCompiler`, which signifies the creation of a new object of that class.
7. Finally, the newly created object is returned as the result of the method.

In summary, this method allows you to create a new instance of the `InMemoryJavaCompiler` class by invoking the default constructor and returning the newly created object.
8. In line 6, method `compile` of class `InMemoryJavaCompiler` is invoked.
9. Certainly! 

The given method code is a public method named `compile` of a class, with a return type `Class<?>`. 

Here's a breakdown of what this code does:

1. The method takes two parameters `className` of type `String`, and `sourceCode` of type `String`.
2. The method is declared with the `throws` keyword, indicating that it throws an Exception.
3. The method body consists of a single line of code.
4. The code calls the `addSource` method passing `className` and `sourceCode` as arguments.
5. The `.` operator is used to chain method calls.
6. The method call `addSource(className, sourceCode)` returns an instance of a class that has a method named `compileAll()`.
7. The `.` operator is used again to chain the method call `compileAll()`.
8. The method call `compileAll()` returns an instance of a class that has a method named `get(String className)`.
9. The `.` operator is used once more to chain the method call `get(className)`.
10. The method call `get(className)` retrieves the value associated with the key `className` from a data structure, which is assumed to hold compiled classes.
11. Finally, the method returns the value returned by the `get()` method, which is of type `Class<?>`.

In summary, this method compiles a single source code by invoking a series of method calls on an instance of some other class. It adds the source code using the `addSource` method, compiles all added sources using the `compileAll()` method, and then retrieves the compiled class associated with the provided `className` using the `get()` method. The method returns the compiled `Class` object.
10. Take note that in line 1, an object of class `StringBuffer` is created.
11. Take note that in line 6, an object of class `Class` is created.

