0. In line 1, an object of class `KindAndName` is instantiated.
1. Certainly! This code shows a constructor method for the `KindAndName` class. 

A constructor is a special method that is used to initialize objects of a class. It has the same name as the class and does not have a return type.

The constructor `KindAndName` takes two parameters: `kind` and `name`, both of which are of type `String`. 

Within the constructor body, the `kind` instance variable of the `KindAndName` class is assigned the value of the `kind` parameter using the `this` keyword. The `this` keyword is used to refer to the current object instance.

Similarly, the `name` instance variable is assigned the value of the `name` parameter.

In simpler terms, when an object of the `KindAndName` class is instantiated and the constructor is called with `kind` and `name` values, those values are assigned to the corresponding `kind` and `name` instance variables of the object.
2. Take note that in line 2, constructor `KindAndName` from class `KindAndName` is invoked.
3. Take note that in line 3, constructor `KindAndName` from class `KindAndName` is invoked.
4. Take note that in line 4, constructor `KindAndName` from class `KindAndName` is invoked.
5. Take note that in line 5, constructor `KindAndName` from class `KindAndName` is invoked.
6. In line 1, an object of class `KindAndName` is instantiated
7. This code represents a Java class `KindAndName`. Let's go through the code section by section:

1. Package Declaration:
   - The class belongs to the package `io.fabric8.maven.core.util`.

2. Imports:
   - The class imports `io.fabric8.kubernetes.api.model.HasMetadata` and `io.fabric8.maven.core.util.kubernetes.KubernetesHelper`.

3. Class Declaration:
   - The class is declared as `public` and is named `KindAndName`.

4. Class Variables:
   - The class has two private final instance variables: `kind` and `name`. These variables store the kind and name of a resource.

5. Constructors:
   - The class has two constructors:
     - The first constructor takes two arguments, `kind` and `name`, and assigns them to the corresponding instance variables.
     - The second constructor takes an object of type `HasMetadata`, uses the `KubernetesHelper` class to retrieve the kind and name of the object, and assigns them to the instance variables.

6. Getter Methods:
   - The class provides getter methods for `kind` and `name` variables.

7. Overridden Methods:
   - The `toString()` method is overridden to provide a string representation of the `KindAndName` object.
   - The `equals()` method is overridden to compare two `KindAndName` objects for equality.
   - The `hashCode()` method is overridden to generate a hash code for the `KindAndName` object.

This class represents a key for a resource, allowing resources to be looked up by their kind and name.
8. Take note that in line 2, an object of class `KindAndName` is created.
9. Take note that in line 3, an object of class `KindAndName` is created.
10. Take note that in line 4, an object of class `KindAndName` is created.
11. Take note that in line 5, an object of class `KindAndName` is created.

