0. In line 1, an object of class `MockVPXBooleanDecoder` is instantiated.
1. Sure! 

This is a constructor definition for the `MockVPXBooleanDecoder` class. It takes two parameters: `probs`, an array of integers, and `bits`, another array of integers.

Let's go through it step by step:

1. `public MockVPXBooleanDecoder(int[] probs, int[] bits)`: This line represents the constructor declaration. It is a public constructor named `MockVPXBooleanDecoder` that takes two parameters, both of which are arrays of integers.

2. `Assert.assertEquals(probs.length, bits.length)`: This line is using the `Assert.assertEquals` method to verify that the lengths of the `probs` and `bits` arrays are equal. The `Assert` class is typically used in test cases to check certain conditions. If the lengths are not equal, it will throw an error or exception.

3. `this.probs = probs;`: This line assigns the value of the `probs` array received as a parameter to the `probs` instance variable of the `MockVPXBooleanDecoder` class. The `this` keyword here refers to the current object being instantiated.

4. `this.bits = bits;`: Similarly, this line assigns the value of the `bits` array received as a parameter to the `bits` instance variable of the `MockVPXBooleanDecoder` class.

In summary, this constructor ensures that both `probs` and `bits` arrays have the same length and assigns the values of these arrays to the corresponding instance variables.
2. In line 2, an object of class `DecodingContext` is instantiated.
3. Certainly! Let's break down the code step by step:

1. `protected DecodingContext()`: This is a protected constructor for the `DecodingContext` class. It does not take any parameters.

2. `CommonUtils.vp8_copy(skipProbs, defaultSkipProb)`: This line invokes the `vp8_copy` method from the `CommonUtils` class, passing in the `skipProbs` array and the `defaultSkipProb` array as arguments. This method is responsible for copying the values from `defaultSkipProb` to `skipProbs` array.

3. Similarly, lines 3 to 15 are invoking the `vp8_copy` method for various instances of arrays and their corresponding default arrays. It is essentially copying values from the default arrays to the corresponding instance arrays.

4. The lines following line 15 are initializing a multi-dimensional array called `coefProbs`. It is a 4-dimensional array that will store `short` arrays.

5. The nested for-loop starting from line 16 is iterating through the dimensions of the `coefProbs` array and creating new `short` arrays for each element based on certain conditions.

6. Subsequently, lines 31 to 39 are invoking the `vp8_copy` method for multiple instance arrays, copying values from their respective default arrays.

In summary, this constructor initializes the `DecodingContext` instance by copying values from default arrays to the corresponding instance arrays. It also sets up the `coefProbs` multi-dimensional array with specific conditions.
4. In line 1, an object of class `MockVPXBooleanDecoder` is instantiated
5. Certainly! Here's a breakdown of the provided code:

1. `package org.jcodec.codecs.vpx.vp9;`: This line specifies the package of this Java class.

2. `import org.jcodec.codecs.vpx.VPXBooleanDecoder;`: This line imports the `VPXBooleanDecoder` class from the package `org.jcodec.codecs.vpx`.

3. `import org.junit.Assert;`: This line imports the `Assert` class from the package `org.junit`. The `Assert` class is commonly used for performing assertions in unit tests.

4. `public class MockVPXBooleanDecoder extends VPXBooleanDecoder`: This line defines the `MockVPXBooleanDecoder` class, which extends the `VPXBooleanDecoder` class.

5. `private int[] probs;`: This line declares a private instance variable named `probs`, which is an array of integers.

6. `private int[] bits;`: This line declares another private instance variable named `bits`, which is also an array of integers.

7. `private int pos;`: This line declares an additional private instance variable named `pos`, which is an integer representing the current position in the arrays.

8. `public MockVPXBooleanDecoder(int[] probs, int[] bits)`: This line is the constructor declaration for the `MockVPXBooleanDecoder` class. It takes two parameters: `probs` (an array of integers) and `bits` (another array of integers). It also performs an assertion to verify that the lengths of the `probs` and `bits` arrays are equal. After the assertion, it assigns the values of the parameters to the corresponding instance variables.

9. `@Override`: This annotation indicates that the following method overrides a method from the superclass.

10. `public int readBit(int prob)`: This method is an overridden method from the `VPXBooleanDecoder` class. It takes an integer parameter `prob` and returns an integer representing the read bit. It performs assertions to ensure that the current position (`pos`) is within the bounds of the `probs` array and that the value at `probs[pos]` is equal to the provided `prob`. It then returns the value at `bits[pos++]` and increments `pos` by one.

11. `public boolean isFullyRead()`: This method checks if the `pos` variable is equal to the length of the `bits` array. If they are equal, it returns `true`; otherwise, it returns `false`.

In summary, the `MockVPXBooleanDecoder` class extends `VPXBooleanDecoder` and provides additional functionality for reading bits and checking if all the bits have been read. It includes a constructor to initialize the instance variables and performs assertions to validate the input arrays.
6. In line 2, an object of class `DecodingContext` is instantiated
7. Alright, let's start with a simple method definition:

```java
public int add(int a, int b) {
    return a + b;
}
```

This method is named `add` and it takes two integer parameters `a` and `b`. It has a return type of `int`, which means it will return an integer value. In the body of the method, it simply adds `a` and `b` together and returns the result.

Now let's move on to a more complex method definition:

```java
public String getFullName(String firstName, String lastName) {
    String fullName = firstName + " " + lastName;
    return fullName;
}
```

This method is named `getFullName` and it takes two `String` parameters - `firstName` and `lastName`. It has a return type of `String`, which means it will return a string value. In the body of the method, it concatenates `firstName`, a space character, and `lastName` together using the `+` operator. The resulting full name is stored in a variable `fullName`, which is then returned.

Now let's look at a class definition:

```java
public class Circle {
    private double radius;
    
    public Circle(double radius) {
        this.radius = radius;
    }
    
    public double calculateArea() {
        return Math.PI * radius * radius;
    }
}
```

This is a class named `Circle`. It has a private instance variable `radius` of type `double`. The class has a constructor which takes a parameter `radius` and assigns it to the instance variable.

The class also has a method named `calculateArea`, which has a return type of `double`. In the body of the method, it calculates the area of a circle using the formula `Math.PI * radius * radius` and returns the result.

These are just a few examples of method and class definitions in Java. Let me know if you have any specific ones you'd like me to explain.

