0. Take note that in line 1, constructor `HashMap` from class `HashMap` is invoked.
1. Take note that in line 2, method `put` from class `Map` is invoked.
2. In line 3, an object of class `OCommandSQL` is instantiated.
3. Certainly! The given code is a constructor definition for the class `OCommandSQL`. Constructors are special methods that are used to initialize objects of a class.

In this case, the constructor has a single parameter `iText` of type `String`. The `final` keyword before the parameter means that the value of `iText` cannot be changed once it is assigned.

The constructor's body consists of a single statement: a call to the `super` keyword. Here, `super(iText)` is invoking the constructor of the superclass of `OCommandSQL`, passing `iText` as an argument.

In other words, the constructor is simply passing the `iText` argument to the constructor of the superclass, which allows for proper initialization of the `OCommandSQL` object.

It's important to note that without any further context, it's difficult to determine the complete functionality of this constructor. The class `OCommandSQL` and its superclass would need to be examined to understand the full behavior of this constructor.
4. In line 3, method `command` of class `ODatabaseDocumentTx` is invoked.
5. Certainly! The given code is a method definition for the `command` method in the `ODatabaseDocumentTx` class. Let's break it down step by step:

- The `@Override` annotation indicates that this method is overriding a method in the superclass or implementing an interface method.

- The method `command` is defined with a generic return type `<RET extends OCommandRequest>`, which means that it can return any type that is a subclass of `OCommandRequest`.

- The method takes a single parameter `iCommand` of type `OCommandRequest`, which represents the command to be executed.

- `checkOpenness()` is a method that is called to ensure that the database is open before executing the command. This is likely a check to prevent executing commands on a closed database.

- Finally, the method invokes the `command` method of the `internal` object. Since we do not have the full context, it is likely that `internal` is an instance variable that refers to some internal object responsible for executing the command.

- The return value of the `internal.command(iCommand)` invocation is then returned by the `command` method.

In summary, this method is a part of the `ODatabaseDocumentTx` class and is responsible for executing a command of type `OCommandRequest`. It performs some initial checks and forwarding the command to an internal object for execution, finally returning the result.
6. In line 3, method `execute` of class `OCommandRequest` is invoked.
7. Certainly! 

The given code is a method definition for the `execute` method in the class `OCommandRequest`. Let's break it down step by step:

- The method is defined with a generic return type `<RET>`. This indicates that the method can return any type, which will be determined at the time of invocation.

- The method is named `execute` and it takes a variable number of arguments of type `Object`. The `...` syntax denotes a varargs parameter, which means that the method can accept multiple arguments or an array of arguments of type `Object`.

- The method body is not provided in the code snippet, so we don't have information about what the method actually does. However, based on the signature, we can infer that the method is responsible for executing a certain operation or action, likely related to the functionality of the `OCommandRequest` class.

- The return type of the method is `<RET>`, which means that the actual return type will be determined based on the context in which the method is invoked. The type parameter `<RET>` allows for flexibility in returning different types based on the specific implementation of the `OCommandRequest` class or any subclasses.

In summary, this method `execute` in the `OCommandRequest` class is a flexible method that can accept a variable number of `Object` arguments and returns a type that is determined at the time of invocation. However, without further information or the actual implementation of the method, it is not possible to provide more detailed analysis of its functionality.
8. Take note that in line 1, an object of class `String` is created.
9. Take note that in line 1, an object of class `Object` is created.
10. Take note that in line 1, an object of class `HashMap` is created.
11. Take note that in line 1, an object of class `Map` is created.
12. In line 3, an object of class `OCommandSQL` is instantiated
13. The given code is a class definition for the `OCommandSQL` class. Here is a breakdown of the code:

- The class is defined in the `com.orientechnologies.orient.core.sql` package.

- The class extends the `OCommandRequestTextAbstract` class. It inherits its behavior and features from the superclass.

- The class is marked with the `@SuppressWarnings("serial")` annotation, disabling serialization warnings.

- The class has two constructors, one default constructor, and another constructor that takes a parameter `iText` of type `String`. The second constructor calls the superclass constructor passing `iText` as an argument.

- The class overrides the `isIdempotent` method, returning a hardcoded value of `false`. This method checks if the command is idempotent, meaning that executing the command multiple times will produce the same result.

- The `toString` method is also overridden, returning a formatted string representation of the class, showing the `text` field with a prefix of `"sql."`.

- The class defines the `onAsyncReplicationOk` and `onAsyncReplicationError` methods, which are callbacks to be called in case of successful asynchronous replication or in case of an error during replication. These methods override the corresponding methods in the superclass.

- Finally, the class includes some license information and a brief description of the class's purpose in the comments.

In summary, the `OCommandSQL` class is responsible for representing and executing SQL commands. It extends a superclass for command requests and provides additional functionality related to asynchronous replication callbacks.
14. In line 3, an object of class `ODocument` is instantiated
15. Sure! I'm ready to summarize the Java method and class definitions. Please provide the details of the methods and classes you want me to summarize.
16. Take note that in line 3, an object of class `List` is created.

