0. In line 1, an object of class `OCompositeIndexDefinition` is instantiated.
1. Certainly! 

This is a constructor method for the class `OCompositeIndexDefinition`. Constructors are special methods that are executed when an object of a class is created. This specific constructor takes a parameter `iClassName` of type `String`, which is the name of the class that will own this index.

Let's go through the code step by step:

1. ```
   public OCompositeIndexDefinition(final String iClassName) {
   ```

   The constructor method is declared with the same name as the class (`OCompositeIndexDefinition`). The `final` keyword makes sure that the parameter `iClassName` cannot be reassigned within the method. This constructor does not have a return type, which is typical for constructors.

2. ```
   super();
   ```

   `super()` is used to invoke the constructor of the super class, in this case, it calls the constructor of the immediate parent class. Since no specific parent class is mentioned, it may be invoking the parameterless constructor of the direct parent class.

3. ```
   indexDefinitions = new ArrayList<OIndexDefinition>(5);
   ```

   This line initializes an `ArrayList` named `indexDefinitions` with an initial capacity of 5. `ArrayList` is a dynamic array-like structure in Java.

4. ```
   className = iClassName;
   ```

   Here, the value of the `iClassName` parameter is assigned to the `className` instance variable.

In summary, this constructor initializes an `OCompositeIndexDefinition` object and sets its `indexDefinitions` field to an empty `ArrayList` with a capacity of 5, while assigning the value of the `iClassName` parameter to the `className` field.
2. In line 2, an object of class `OPropertyIndexDefinition` is instantiated.
3. Certainly! Let's go through the constructor code step by step:

1. ```
   public OPropertyIndexDefinition(final String iClassName, final String iField, final OType iType) {
   ```

   This is the constructor method for the class `OPropertyIndexDefinition`. It takes three parameters: `iClassName` of type `String`, `iField` of type `String`, and `iType` of type `OType`. 

2. ```
   super();
   ```

   `super()` is used to invoke the constructor of the superclass, in this case, it calls the constructor of the immediate parent class. Since no specific parent class is mentioned, it may be invoking the parameterless constructor of the direct parent class.

3. ```
   className = iClassName;
   ```

   Here, the value of the `iClassName` parameter is assigned to the `className` instance variable.

4. ```
   field = iField;
   ```

   The value of the `iField` parameter is assigned to the `field` instance variable.

5. ```
   keyType = iType;
   ```

   The value of the `iType` parameter is assigned to the `keyType` instance variable.

In summary, this constructor initializes an `OPropertyIndexDefinition` object and sets its `className`, `field`, and `keyType` fields based on the values passed as parameters.
4. In line 2, method `addIndex` of class `OCompositeIndexDefinition` is invoked.
5. Certainly! Let's break down the `addIndex` method code step by step:

1. ```
   public void addIndex(final OIndexDefinition indexDefinition) {
   ```

   This is a method declaration for the `addIndex` method in the `OCompositeIndexDefinition` class. It takes a single parameter `indexDefinition` of type `OIndexDefinition`.

2. ```
   indexDefinitions.add(indexDefinition);
   ```

   This line adds the `indexDefinition` parameter to the `indexDefinitions` collection. It uses the `add` method of the `ArrayList` class to append the `indexDefinition` to the existing list.

3. ```
   if (indexDefinition instanceof OIndexDefinitionMultiValue) {
       if (multiValueDefinitionIndex == -1)
           multiValueDefinitionIndex = indexDefinitions.size() - 1;
       else
           throw new OIndexException("Composite key cannot contain more than one collection item");
   }
   ```

   This block of code checks if the `indexDefinition` is an instance of the `OIndexDefinitionMultiValue` class. If it is, then it performs the following actions:

   - It checks if the `multiValueDefinitionIndex` is `-1`, indicating that it has not been set yet.
   - If `multiValueDefinitionIndex` is `-1`, it assigns the index of the newly added `indexDefinition` to `multiValueDefinitionIndex` by subtracting 1 from the current size of `indexDefinitions`.
   - If `multiValueDefinitionIndex` is not `-1`, it throws an `OIndexException` with the message "Composite key cannot contain more than one collection item".

   This block of code handles the scenario where the added index definition is an instance of `OIndexDefinitionMultiValue`, which suggests the presence of multiple values or a collection.

4. ```
   collate.addCollate(indexDefinition.getCollate());
   ```

   This line invokes the `addCollate` method of the `collate` object (presumably an instance of a collate class). It passes the collate value obtained from `indexDefinition` as an argument. This suggests that the method adds the collate value associated with the `indexDefinition` to the collate object.

In summary, the `addIndex` method adds an `indexDefinition` to the `indexDefinitions` collection. It also handles the case where the `indexDefinition` is an instance of `OIndexDefinitionMultiValue`, setting `multiValueDefinitionIndex` to the appropriate value. Finally, it updates the collate object by adding the collate value from the `indexDefinition`.
6. In line 3, an object of class `OPropertyListIndexDefinition` is instantiated.
7. Certainly! Let's break down the constructor code step by step:

1. ```
   public OPropertyListIndexDefinition(final String iClassName, final String iField, final OType iType) {
   ```

   This is the constructor method for the class `OPropertyListIndexDefinition`. It takes three parameters: `iClassName` of type `String`, `iField` of type `String`, and `iType` of type `OType`.

2. ```
   super(iClassName, iField, iType);
   ```

   This line invokes the constructor of the superclass (`OPropertyIndexDefinition`) with the arguments `iClassName`, `iField`, and `iType`. The `super` keyword is used to refer to the superclass constructor and pass the parameters required by the superclass constructor.

   The `OPropertyListIndexDefinition` class is extending the `OPropertyIndexDefinition` class, so the `super(iClassName, iField, iType);` statement is calling the constructor of the superclass to initialize the inherited fields.

In summary, this constructor initializes an `OPropertyListIndexDefinition` object by invoking the constructor of the superclass `OPropertyIndexDefinition` with the provided arguments. It ensures that the superclass constructor is called to set the inherited fields correctly.
8. Take note that in line 3, method `addIndex` from class `OCompositeIndexDefinition` is invoked.
9. Take note that in line 4, constructor `OPropertyIndexDefinition` from class `OPropertyIndexDefinition` is invoked.
10. Take note that in line 4, method `addIndex` from class `OCompositeIndexDefinition` is invoked.
11. Take note that in line 5, method `asList` from class `Arrays` is invoked.
12. In line 5, method `createValue` of class `OCompositeIndexDefinition` is invoked.
13. Certainly! Let's break down the `createValue` method code:

1. ```
   /**
    * {@inheritDoc}
    */
   ```

   This is a Javadoc comment that indicates that this `createValue` method overrides a method from a superclass or implements an interface method. However, the actual parent class or interface is not mentioned in the given code snippet.

2. ```
   public Object createValue(final Object... params) {
   ```

   This is the method declaration for the `createValue` method in the `OCompositeIndexDefinition` class. It takes one or more `Object` parameters and returns an `Object`.

3. ```
   if (params.length == 1 && params[0] instanceof Collection)
       return params[0];
   ```

   This block of code checks if the `params` array has a length of 1 and if the element at index 0 is an instance of `Collection`. If both conditions evaluate to `true`, it means that the provided parameter is already a `Collection`, so it directly returns the element at index 0.

4. ```
   return createValue(Arrays.asList(params));
   ```

   If the conditions in the previous block of code are not met, this line invokes the `asList` method of the `Arrays` class to create a `List` from the `params` array. It then calls the `createValue` method again, passing the newly created `List` as the parameter. This recursive call ensures that the `params` are always treated as a `List`.

In summary, the `createValue` method takes one or more parameters. If a single parameter is provided and it is a `Collection`, it is directly returned. Otherwise, the method converts the `params` array into a `List` using `Arrays.asList` and recursively calls `createValue` with the `List` parameter.
14. Take note that in line 6, constructor `ArrayList` from class `ArrayList` is invoked.
15. Take note that in line 7, method `add` from class `ArrayList` is invoked.
16. Take note that in line 8, method `add` from class `ArrayList` is invoked.
17. In line 1, an object of class `OCompositeIndexDefinition` is instantiated
18. This is the code for the `OCompositeIndexDefinition` class. Here's a breakdown of the code:

1. The code starts with package and import statements that declare the package and classes needed for this code.

2. The class `OCompositeIndexDefinition` extends the `OAbstractIndexDefinition` class, indicating that it is a specific type of index definition.

3. The class declares several instance variables, such as `indexDefinitions`, `className`, `multiValueDefinitionIndex`, and `collate`, which are used to store information about the composite index definition.

4. The class provides multiple constructors to instantiate `OCompositeIndexDefinition` objects, with different variations depending on the provided parameters.

5. The class implements various methods such as `addIndex`, `getFields`, `getFieldsToIndex`, `getDocumentValueToIndex`, `createValue`, and more. These methods are used to manage the composite index definition's properties, process values, and perform operations related to the composite index.

6. The class also includes helper methods like `addKey`, `convertToCompositeKey`, and `quoteFieldName`, which are used internally to perform specific operations within the class.

7. In addition to the methods, the class also includes overridden methods such as `equals`, `hashCode`, `toString`, `toStream`, `fromStream`, and others, which handle comparison, serialization, deserialization, and representation of the composite index definition.

8. Finally, the class includes the implementation of the `getCollate` and `setCollate` methods from the `OIndexDefinition` interface, which deal with collation sorting in the composite index.

In summary, the `OCompositeIndexDefinition` class represents a composite index definition consisting of multiple index definitions, allowing for the composition of complex index structures.
19. In line 2, an object of class `OPropertyIndexDefinition` is instantiated
20. This is the code for the `OPropertyIndexDefinition` class. Here is a breakdown of the code:

1. The code begins with package and import statements that specify the package and classes needed for this code.

2. The class `OPropertyIndexDefinition` extends the `OAbstractIndexDefinition` class, indicating that it is an implementation of a property index definition. It is a concrete class.

3. The class declares several instance variables, such as `className`, `field`, and `keyType`, which are used to store information about the property index definition.

4. The class provides two constructors, one with parameters and one empty constructor that is used for index unmarshalling.

5. The class implements various methods such as `getClassName`, `getFields`, `getFieldsToIndex`, `getDocumentValueToIndex`, and more. These methods are used to retrieve information and perform operations related to the property index definition.

6. The class includes overridden methods for `equals`, `hashCode`, and `toString` that handle comparison, hashing, and string representation of the property index definition.

7. The class includes methods for serialization and deserialization, enabling the index definition to be stored and retrieved from a document.

8. The class includes methods for creating the data definition language (DDL) statement to create the index, as well as methods for retrieving the parameter count and types for the index.

9. The class also includes a method to check whether the index is automatic or not.

In summary, the `OPropertyIndexDefinition` class represents a property index definition that is bound to one schema class property. It provides methods to access and manipulate various properties of the index.
21. In line 3, an object of class `OPropertyListIndexDefinition` is instantiated
22. This code represents the `OPropertyListIndexDefinition` class, which is a concrete implementation of an index definition specifically designed for properties with types `EMBEDDEDLIST`, `LINKLIST`, `LINKSET`, or `EMBEDDEDSET`. Here is a breakdown of the code:

1. The code begins with several license and informational comments, specifying copyright, license, and more information about the class.

2. The code includes package and import statements necessary for the class.

3. The class `OPropertyListIndexDefinition` extends the `OAbstractIndexDefinitionMultiValue` class, indicating that it is a type of index definition that can handle multiple values.

4. The `OPropertyListIndexDefinition` class declares an instance variable `serialVersionUID` of type `long`.

5. The class provides two constructors: one with parameters and one empty constructor.

6. The class includes method implementations for `getDocumentValueToIndex`, `createValue`, `createSingleValue`, `processChangeEvent`, and `toCreateIndexDDL`.

7. The `getDocumentValueToIndex` method retrieves the property value from a document that needs to be indexed.

8. The `createValue` method converts a list of parameters into a value suitable for the index. It handles scenarios where the parameter is not a collection, converting it to a list if necessary.

9. The `createSingleValue` method converts a single parameter into a value suitable for the index.

10. The `processChangeEvent` method processes a change event that occurred in the multi-value property. It handles events like adding, removing, or updating values and updates the keys to be added or removed accordingly.

11. The `toCreateIndexDDL` method generates the data definition language (DDL) statement to create the index without specifying the field type.

This class represents an index definition specifically designed for properties with list-like values. It provides methods to handle multi-value properties and process changes in the values efficiently.
23. Take note that in line 4, an object of class `OPropertyIndexDefinition` is created.
24. Take note that in line 5, an object of class `Object` is created.
25. In line 6, an object of class `OCompositeKey` is instantiated
26. The given code represents the class `OCompositeKey`. Here is a breakdown of the code:

1. The code includes several license and informational comments that specify the copyright, license, and more information about the class.

2. The code includes the package and import statements necessary for the class.

3. The class `OCompositeKey` implements the `Comparable<OCompositeKey>`, `Serializable`, and `ODocumentSerializable` interfaces.

4. The class declares and initializes two instance variables: `keys`, which holds the list of keys, and `comparator`, which is used for key comparison.

5. The class provides three constructors: one that accepts a list of keys, another that accepts an array of keys, and a parameterless constructor.

6. The class defines a method called `reset()` that clears the keys array, allowing the object to be reused.

7. The class provides a getter method `getKeys()` that returns an unmodifiable list of keys.

8. The class provides an `addKey()` method that allows adding new key values to the list of keys. If the key is an `OCompositeKey` itself, its values are copied into the current index, but the key itself is not added.

9. The class implements the `compareTo()` method, which performs a partial comparison of two composite keys. It compares the common subset of keys between two composite keys and returns a negative integer, zero, or a positive integer based on their ordering.

10. The class overrides the `equals()`, `hashCode()`, and `toString()` methods to provide custom implementations for comparing, hashing, and string representation of the composite key object.

11. The class implements the `toDocument()` and `fromDocument()` methods from the `ODocumentSerializable` interface. These methods allow the composite key to be serialized and deserialized as an `ODocument`.

In summary, the `OCompositeKey` class represents a container for a list of heterogeneous values that are stored as composite keys in an index. It provides methods for key manipulation, comparison, serialization, and deserialization.
27. Take note that in line 6, an object of class `ArrayList` is created.
28. Take note that in line 7, an object of class `OCompositeKey` is created.
29. Take note that in line 8, an object of class `OCompositeKey` is created.

