0. In line 1, method `instance` of class `ODatabaseRecordThreadLocal` is invoked.
1. The provided code snippet represents the method `instance()` from the `ODatabaseRecordThreadLocal` class. Here's an explanation of the code:

1. The method is declared as `public static`, indicating that it can be accessed without creating an instance of the class.

2. The method returns an object of type `ODatabaseRecordThreadLocal`.

3. The first line of the method `final ODatabaseRecordThreadLocal dbInst = INSTANCE.get();` retrieves the value stored in the `INSTANCE` thread-local variable and assigns it to the local variable `dbInst`.

4. The next line checks if `dbInst` is not null. If it's not null, it means that an instance of `ODatabaseRecordThreadLocal` already exists in the current thread, so it returns `dbInst`.

5. If `dbInst` is null, it proceeds to execute the next block of code. This is used to handle cases where a thread-local memory leak may occur in containers.

6. Inside the block, it checks if the thread-local variable `INSTANCE` is null. If it's null, it means that no instance of `ODatabaseRecordThreadLocal` exists in any thread.

7. If `INSTANCE` is null, it creates an instance of the `Orient` class using `Orient.instance()` and registers a listener that will be called during startup and shutdown phases.

8. The listener's `onShutdown()` method is implemented to set the `INSTANCE` thread-local variable to null when Orient shuts down. This helps to avoid memory leaks.

9. Finally, the `INSTANCE` thread-local variable is set to a new instance of `ODatabaseRecordThreadLocal` using `INSTANCE.compareAndSet(null, new ODatabaseRecordThreadLocal())`.

10. The last line of the method `return INSTANCE.get();` retrieves the value stored in the `INSTANCE` thread-local variable and returns it.

In summary, the purpose of the `instance()` method is to provide a thread-safe way to access an instance of the `ODatabaseRecordThreadLocal` class. It checks if an instance exists in the current thread and creates a new one if needed, while also taking care of thread-local memory leaks in container environments.
2. In line 1, method `remove` of class `ODatabaseRecordThreadLocal` is invoked.
3. The provided code snippet represents the `remove()` method in the `ODatabaseRecordThreadLocal` class. Here's an explanation of the code:

1. The `@Override` annotation is used to indicate that this method overrides a method from its parent class (in this case, `ThreadLocal` or one of its superclasses).

2. The method is declared with a `void` return type, indicating that it doesn't return any value.

3. In the method body, the `super.remove()` statement is called. The `super` keyword is used to refer to the method implementation in the parent class.

4. The `remove()` method in `ODatabaseRecordThreadLocal` is invoking the `remove()` method from its superclass.

5. The `remove()` method in the `ThreadLocal` class removes the value associated with this `ThreadLocal` instance for the current thread.

In summary, the purpose of the `remove()` method in the `ODatabaseRecordThreadLocal` class is to remove the value associated with the `ThreadLocal` instance for the current thread by calling the `remove()` method of its superclass (`ThreadLocal`).
4. In line 2, an object of class `ODocument` is instantiated.
5. Certainly! The provided code snippet represents a constructor method for the `ODocument` class. Here's an explanation of the code:

1. The constructor is defined with the same name as the class (`ODocument`), indicating that it is a constructor method responsible for creating an instance of the class.

2. The constructor is declared with `public` access modifier, meaning it can be accessed from any other class.

3. The constructor has no parameters, which implies that it is a default constructor with no arguments.

4. The constructor has a comment above it stating that it is an internal constructor used for unmarshalling. This comment suggests that this constructor might be used during the process of converting data (for example, from a serialized form) into an `ODocument` object.

5. In the constructor body, the `setup()` method is called. This method is likely responsible for initializing the internal state of the `ODocument` object. Unfortunately, without seeing the implementation of the `setup()` method, it is not possible to provide more details about what it does.

In summary, the provided constructor is a default constructor used internally for unmarshalling `ODocument` objects. It does some setup work by calling the `setup()` method.
6. Take note that in line 3, constructor `ArrayList` from class `ArrayList` is invoked.
7. Take note that in line 4, constructor `LinkedHashMap` from class `LinkedHashMap` is invoked.
8. Take note that in line 5, method `put` from class `Map` is invoked.
9. Take note that in line 6, method `put` from class `Map` is invoked.
10. Take note that in line 7, method `add` from class `List` is invoked.
11. Take note that in line 8, constructor `HashMap` from class `HashMap` is invoked.
12. In line 8, the variable `mappa` might have been updated
13. I'm sorry, but without the specific code or context after line 8, I cannot determine the updated value of the variable `mappa`. In order to know the updated value, I would need to see the code that assigns a new value to `mappa` or any other statements that modify it.
14. Take note that in line 9, method `put` from class `Map` is invoked.
15. Take note that in line 10, method `add` from class `List` is invoked.
16. In line 11, method `setProperty` of class `ODocument` is invoked.
17. Sure! Here's an explanation of the provided code:

1. The method is declared as `public`, meaning it can be accessed from any other class.

2. The method is named `setProperty` and has two parameters: `iFieldName`, which represents the property name, and `iPropertyValue`, which represents the value to be set for the property.

3. Inside the method, there is an `if` statement that checks if `iPropertyValue` is of type `OElement` and if it has no schema type set and no valid identity. An `OElement` is a special object in the OrientDB object database for representing records with schema-less data.

4. If the condition in the `if` statement evaluates to `true`, it means that `iPropertyValue` is an `OElement` without a schema type and a valid identity. In this case, the `setProperty` method is called again with an additional parameter, `OType.EMBEDDED`. This likely indicates that the value should be stored as an embedded object within the current document.

5. If the `if` condition is `false`, which means that `iPropertyValue` is not an `OElement` without a schema type and valid identity, the `setProperty` method is called with the `iFieldValue` and `iPropertyValue` parameters. The third parameter, `OCommonConst.EMPTY_TYPES_ARRAY`, is passed, which might indicate that no specific property type is specified.

In summary, the `setProperty` method in the `ODocument` class is used to set a property value on the current document. It checks whether the provided property value is an `OElement` without a schema type and valid identity, and if so, it sets the property with an embedded type. Otherwise, it sets the property with no specific type.
18. In line 12, method `toStream` of class `ORecordSerializer` is invoked.
19. Certainly! Here's an explanation of the method code:

1. The method is named `toStream` and has two parameters: `iSource`, which represents the source `ORecord` object, and `iOnlyDelta`, which is a boolean flag indicating whether only the delta (changed) portion of the `ORecord` should be serialized.

2. The method returns a byte array (`byte[]`), which is the serialized representation of the `ORecord` object.

3. The method code is likely a part of a class or utility responsible for serializing `ORecord` objects, based on the name "toStream" and the usage of an `ORecordSerializer` class.

4. The purpose of this method is to serialize an `ORecord` object into a byte array, which can be stored or transmitted as needed.

5. The `iOnlyDelta` parameter allows for selective serialization, where only the changed (delta) portion of the `ORecord` object is serialized if set to `true`. If `iOnlyDelta` is `false`, the entire `ORecord` object will be serialized.

6. The method implementation is not provided in the given code snippet, but it would likely involve converting the `iSource` `ORecord` object into a byte array using a specific serialization strategy defined by the `ORecordSerializer` class.

In summary, this method is used to serialize an `ORecord` object into a byte array, with the option to include only the changed portion (delta) of the `ORecord` if desired.
20. Take note that in line 13, constructor `ODocument` from class `ODocument` is invoked.
21. In line 13, method `fromStream` of class `ORecordSerializer` is invoked.
22. Certainly! Here's an explanation of the method code:

1. The method is named `fromStream` and has three parameters: `iSource`, which represents the source byte array that contains the serialized representation of an `ORecord`; `iRecord`, which is the instance of the `ORecord` object to fill with the deserialized data; and `iFields`, which is an array of strings representing the fields to be deserialized from the byte array.

2. The method returns an `ORecord` object, which is the deserialized representation of the byte array.

3. Based on the method signature, we can conclude that this method is part of a class or utility responsible for deserializing `ORecord` objects based on the name "fromStream" and its usage in conjunction with an `ORecordSerializer` class.

4. The purpose of this method is to deserialize the byte array `iSource` and populate the provided `iRecord` object with the deserialized data. The `iFields` parameter allows for selective deserialization, where only specific fields are processed.

5. The method implementation is not provided in the given code snippet, but it would likely involve reading and processing the byte array `iSource` based on a specific deserialization strategy defined by the `ORecordSerializer` class. It would also populate the `iRecord` object with the deserialized data and return it.

In summary, this method is used to deserialize a byte array into an `ORecord` object, with the option to selectively deserialize specific fields if provided in the `iFields` parameter.
23. In line 2, an object of class `ODocument` is instantiated
24. Here are a few examples of Java method and class definitions:

1. Example method definition:
```java
public int calculateSum(int a, int b) {
    int sum = a + b;
    return sum;
}
```
Explanation: This method is named `calculateSum` and takes in two integer parameters `a` and `b`. It calculates the sum of `a` and `b` and returns the result as an integer.

2. Example class definition:
```java
public class Circle {
    private double radius;

    public Circle(double radius) {
        this.radius = radius;
    }

    public double calculateArea() {
        return Math.PI * radius * radius;
    }
}
```
Explanation: This class is named `Circle` and has a private instance variable `radius`. It has a constructor that takes in a `double` parameter `radius` and assigns it to the `radius` variable. It also has a method `calculateArea` that calculates the area of the circle using the formula `Math.PI * radius * radius` and returns the result as a `double`.

Please let me know if you need further clarification or if you have more examples that you want me to summarize.
25. Take note that in line 3, an object of class `ArrayList` is created.
26. Take note that in line 3, an object of class `List` is created.
27. Take note that in line 4, an object of class `LinkedHashMap` is created.
28. Take note that in line 4, an object of class `Map` is created.
29. Take note that in line 8, an object of class `HashMap` is created.
30. Take note that in line 13, an object of class `ODocument` is created.
31. Take note that in line 13, an object of class `String` is created.

