0. In line 1, an object of class `ODocument` is instantiated.
1. Sure! In this code snippet, we have a constructor for the `ODocument` class. The constructor is used for initializing objects of the class when they are created.

Let's break down the code:

```java
/**
 * Internal constructor used on unmarshalling.
 */
```
This is a Javadoc comment which provides a brief description of the constructor. It states that this constructor is used internally during unmarshalling, which is the process of converting serialized data back into an object.

```java
public ODocument() {
```
This is the constructor declaration. It has the same name as the class (`ODocument`), and it doesn't have any parameters enclosed in the parentheses, which means it is a parameterless constructor.

```java
setup();
```
The `setup()` method is called within the constructor. It is likely a method defined within the `ODocument` class that performs some initialization or setup actions for the object. Its purpose is to initialize any necessary attributes or variables of the object.

So, to summarize, when an object of the `ODocument` class is created using this constructor, the `setup()` method is automatically called to perform some initialization tasks on the object.
2. In line 2, method `field` of class `ODocument` is invoked.
3. Sure! Let's break down the code step-by-step:

```java
/**
 * Writes the field value forcing the type. This method sets the current document as dirty.
 *
 * @param iFieldName     field name. If contains dots (.) the change is applied to the nested documents in chain. To disable this
 *                       feature call {@link #setAllowChainedAccess(boolean)} to false.
 * @param iPropertyValue field value.
 * @param iFieldType     Forced type (not auto-determined)
 * @return The Record instance itself giving a "fluent interface". Useful to call multiple methods in chain. If the updated
 * document is another document (using the dot (.) notation) then the document returned is the changed one or NULL if no document
 * has been found in chain
 */
public ODocument field(String iFieldName, Object iPropertyValue, OType... iFieldType) {
```

This is a method called `field` defined in the `ODocument` class. It is used to write the value of a field and force its type. This method sets the current document as dirty, indicating that it has been modified. It takes three parameters:
- `iFieldName` is the name of the field to be written. If the field name contains dots (.), the change is applied to nested documents in a chain.
- `iPropertyValue` is the value to be assigned to the field.
- `iFieldType` is an optional parameter that represents the forced type of the field.

The return type of the method is the `Record` (which is the `ODocument` itself) to support a fluent interface, allowing multiple methods to be called in sequence. If the updated document is another document (using dot notation), then the returned document is the changed one. If no document has been found in the chain, it returns `null`.

The method implementation consists of a series of conditional statements and operations to handle different scenarios. It first performs some input validations for the field name and then checks if the field name matches any predefined attributes (`ODocumentHelper.ATTRIBUTE_CLASS`, `ODocumentHelper.ATTRIBUTE_RID`, and `ODocumentHelper.ATTRIBUTE_VERSION`), performing specific actions if there is a match.

Then, it handles the case where the field name contains dots (.) or array subscripts (`[]`) to access nested documents or values. It recursively extracts the sub-objects or values, checks their type, and modifies them accordingly.

Next, it checks if the field name already exists in the document. If it does, it checks if the new value is different from the existing value and performs necessary conversions. It handles special cases for byte arrays, `ORidBag`, and `ODocument` objects.

Finally, it updates the field entry with the new value, sets the document as dirty, and returns the `Record` object itself.

So, this method provides a way to set the value of a field in an `ODocument` object, handling various scenarios including nested documents and different data types.
4. In line 3, method `toJSON` of class `ORecordAbstract` is invoked.
5. Certainly! Let's break down the code step-by-step:

```java
public String toJSON() {
    return toJSON("rid,version,class,type,attribSameRow,keepTypes,alwaysFetchEmbedded,fetchPlan:*:0");
}
```

This is a method called `toJSON` defined in the `ORecordAbstract` class. It is used to convert the object to its JSON representation. The method does not take any parameters and returns a `String` representing the JSON.

The implementation of this method is quite straightforward. It simply calls another overloaded `toJSON` method with a default set of options as a parameter. The method being called takes a single parameter, which is a string representing the options for generating the JSON.

In this case, the default options passed to the `toJSON` method are `"rid,version,class,type,attribSameRow,keepTypes,alwaysFetchEmbedded,fetchPlan:*:0"`. These options specify which attributes of the object should be included in the JSON representation.

Each option in the string has a specific meaning:

- `rid`: Indicates that the `rid` attribute (record identifier) should be included in the JSON.
- `version`: Indicates that the `version` attribute (record version) should be included in the JSON.
- `class`: Indicates that the `class` attribute (record class name) should be included in the JSON.
- `type`: Indicates that the `type` attribute (record type) should be included in the JSON.
- `attribSameRow`: Indicates that attributes with the same name should be placed in the same row in the JSON.
- `keepTypes`: Indicates that the data types of attributes should be preserved in the JSON.
- `alwaysFetchEmbedded`: Indicates that embedded records should always be fetched in the JSON.
- `fetchPlan:*:0`: Specifies the fetch plan to be used. In this case, it specifies to fetch all attributes with a depth of zero.

So, the `toJSON` method in this code is simply a convenience method that calls the main `toJSON` method with a default set of options. This allows the object to be converted to JSON with the specified attributes and options included.
6. Take note that in line 4, method `println` from class `PrintStream` is invoked.
7. Take note that in line 5, constructor `ODocument` from class `ODocument` is invoked.
8. In line 6, method `fromJSON` of class `ODocument` is invoked.
9. Certainly! Let's break down the code step-by-step:

```java
@Override
public ODocument fromJSON(final String iSource) {
    return (ODocument) super.fromJSON(iSource);
}
```

This is a method called `fromJSON` defined in the `ODocument` class. It is an overridden method, as indicated by the `@Override` annotation, which means it is redefining the behavior of the method inherited from a superclass.

The method takes a `String` parameter called `iSource`, which represents the JSON source string. The method returns an `ODocument` object.

The implementation of this method is quite simple. It calls the `fromJSON` method of the superclass (`ORecordAbstract`) passing `iSource` as a parameter. The superclass method is responsible for parsing and converting the JSON source to an object representation.

The `super.fromJSON(iSource)` expression returns an object of type `ORecordAbstract`, but since the method signature expects to return an `ODocument` object, a type cast is performed `(ODocument) super.fromJSON(iSource)` to indicate that the returned value is of type `ODocument`.

So, by overriding the `fromJSON` method, this code enables the `ODocument` class to parse a JSON source string and create an `ODocument` object representing that JSON data.
10. In line 1, an object of class `ODocument` is instantiated
11. Could you please provide me with the method and class definitions you would like me to summarize?
12. Take note that in line 2, an object of class `String` is created.
13. Take note that in line 3, an object of class `String` is created.
14. Take note that in line 5, an object of class `ODocument` is created.

