0. In line 2, method `tokenize` of class `OpenKoreanTextProcessorJava` is invoked.
1. The given method code is a definition of a static method called `tokenize` in the class `OpenKoreanTextProcessorJava`. 

This method takes a `CharSequence` parameter named `text` which represents the input text to be tokenized. It is used to tokenize the input text into a sequence of Korean tokens. 

The return type of this method is `Seq<KoreanToken>` which represents a sequence of Korean tokens. 

Inside the method body, it simply calls the `tokenize` method of the `OpenKoreanTextProcessor` class passing the `text` parameter as an argument. The result of the `tokenize` method is then returned by the `tokenize` method of `OpenKoreanTextProcessorJava`.

To clarify, the `OpenKoreanTextProcessor` class (not provided here) is where the actual tokenization logic is implemented. The `tokenize` method of `OpenKoreanTextProcessor` is responsible for tokenizing the input text and returning a sequence of Korean tokens.
2. Take note that in line 1, an object of class `String` is created.

