0. Take note that in line 1, constructor `HashMap` from class `HashMap` is invoked.
1. Take note that in line 2, method `put` from class `Map` is invoked.
2. Take note that in line 3, method `put` from class `Map` is invoked.
3. In line 5, an object of class `MockChannel` is instantiated.
4. Certainly!

The given code represents a constructor for the `MockChannel` class. Here's a breakdown of each line within the constructor:

1. `super(new Socket(), new OContextConfiguration());`
   - The `super` keyword is used here to call the constructor of the parent class, which is not explicitly mentioned. It passes two arguments: a `Socket` object and an `OContextConfiguration` object. This line is used to initialize the parent class.

2. `this.byteOut = new ByteArrayOutputStream();`
   - This line creates a new instance of the `ByteArrayOutputStream` class and assigns it to the `byteOut` variable of the `MockChannel` class. `ByteArrayOutputStream` is a built-in Java class that provides an in-memory output stream.

3. `this.out = new DataOutputStream(byteOut);`
   - Here, a new instance of `DataOutputStream` is created, taking the `byteOut` as an argument. The `DataOutputStream` class allows us to write primitive data types to the underlying output stream.

The constructor throws an `IOException`, indicating that it may encounter input/output errors during execution.
5. In line 7, method `close` of class `MockChannel` is invoked.
6. Certainly! This is the `close` method overridden in the `MockChannel` class. Here's a breakdown of the code inside the method:

```java
@Override
public void close() {
    this.in = new DataInputStream(new ByteArrayInputStream(byteOut.toByteArray()));
}
```

- The `@Override` annotation is used to indicate that this method overrides a method inherited from the parent class (likely an interface).
- The method has a return type of `void`, which means it does not return any value.

Now let's dive into the code inside the method:

- `this.in` is a variable declared within the `MockChannel` class. Here, it is being assigned a new instance of the `DataInputStream` class.
- The constructor of `DataInputStream` is being passed a new instance of the `ByteArrayInputStream` class, which in turn is being created by calling the `toByteArray` method on the `byteOut` object.

Essentially, the `close` method reinitializes the `in` variable of the `MockChannel` class with a new `DataInputStream` object. This new input stream is constructed using the bytes that have been written to the `byteOut` object, which is an instance of the `ByteArrayOutputStream` class.

The purpose of this code is to reset the `in` variable to a new input stream, potentially to simulate closing and reopening the input stream for some particular functionality within the `MockChannel` class.
7. In line 8, an object of class `OQueryRequest` is instantiated.
8. Certainly! The provided code snippet represents a constructor for the `OQueryRequest` class. Let's break down the constructor code:

```java
public OQueryRequest() {
}
```

- The `public` keyword denotes that the constructor is accessible from outside of the class.
- `OQueryRequest` is the name of the constructor, which matches the name of the class itself. This indicates that this constructor is used to create instances of the `OQueryRequest` class.
- The parentheses `()` indicate that the constructor takes no parameters.

In this specific case, the constructor body is empty (i.e., no code is present between the opening and closing curly braces `{}`). This implies that the constructor doesn't perform any specific actions when an object of the `OQueryRequest` class is instantiated.

An empty constructor like this may be useful in situations where the class doesn't require any additional initialization logic or when the initialization is performed through other setter methods or inherited members.

Please note that there may be additional member variables, methods, or constructors in the `OQueryRequest` class that are not shown in the provided constructor code snippet.
9. Take note that in line 1, an object of class `HashMap` is created.
10. Take note that in line 1, an object of class `String` is created.
11. Take note that in line 1, an object of class `Object` is created.
12. Take note that in line 1, an object of class `Map` is created.
13. In line 4, an object of class `OQueryRequest` is instantiated
14. The provided code represents a Java class named `OQueryRequest` that implements the `OBinaryRequest<OQueryResponse>` interface. Here's a breakdown of the class code:

- This class is declared with the `public` access modifier, meaning it can be accessed from outside the package where it is defined.
- The class is within the package `com.orientechnologies.orient.client.remote.message`. Package declarations are used to organize and group related classes together.
- The class imports several other classes from different packages, including `com.orientechnologies.orient.client.binary.OBinaryRequestExecutor`, `com.orientechnologies.orient.client.remote.*`, `com.orientechnologies.orient.core.record.impl.ODocument`, `com.orientechnologies.orient.core.serialization.serializer.record.ORecordSerializer`, and `com.orientechnologies.orient.enterprise.channel.binary.*`. These imports bring in required classes and interfaces that are used within the `OQueryRequest` class.

The `OQueryRequest` class contains various fields, constructors, and methods. Here are some key aspects:

- The class defines several static final byte constants like `COMMAND`, `QUERY`, and `EXECUTE`. These constants hold different numeric values.
- The class declares several instance variables, including `recordsPerPage`, `serializer`, `language`, `statement`, `operationType`, `params`, `paramsBytes`, and `namedParams`. These variables represent the state and data associated with an instance of the `OQueryRequest` class.
- The class provides multiple constructors that allow the creation of an `OQueryRequest` object with different combinations of parameters. The constructors initialize the instance variables based on the provided arguments.
- The class implements methods required by the `OBinaryRequest<OQueryResponse>` interface. These methods include `write`, `read`, `getCommand`, `getDescription`, `createResponse`, and `execute`. 
- Additionally, the class provides getter and setter methods for accessing and modifying the instance variables.

Overall, the `OQueryRequest` class represents a request for executing a remote query in an OrientDB database. It encapsulates the necessary information for the query, such as the query statement, language, parameters, and operation type.

Please note that this is just an overview of the class code, and there may be additional details or functionality within the class that is not mentioned here.
15. In line 5, an object of class `MockChannel` is instantiated
16. Certainly! The provided code represents a Java class named `MockChannel` that extends the `OChannelBinary` class. Here's a breakdown of the class code:

- The class is declared in the package `com.orientechnologies.orient.client.remote.message`. Package declarations are used to organize and group related classes together.
- The class imports several classes from different packages, including `com.orientechnologies.orient.core.config.OContextConfiguration`, `com.orientechnologies.orient.enterprise.channel.binary.OChannelBinary`, `java.io.*`, and `java.net.Socket`. These imports bring in necessary classes and interfaces used within the `MockChannel` class.

The `MockChannel` class contains various fields, constructors, and methods. Here are some key aspects:

- The class declares an instance variable `byteOut` of type `ByteArrayOutputStream`. This variable is used to store the written data as bytes.
- The class provides a constructor `MockChannel` that throws an `IOException`. This constructor initializes the `byteOut` variable, as well as the `out` instance variable defined in the parent class `OChannelBinary`. The `super` keyword is used to call the constructor of the parent class, passing a new `Socket` object and a new `OContextConfiguration` object as arguments.
- The class overrides the `close` method inherited from the `OChannelBinary` class. In the overridden `close` method, a new `DataInputStream` is assigned to the `in` instance variable. This input stream is created from a new `ByteArrayInputStream` object, which is constructed by passing the bytes stored in the `byteOut` object to its constructor.

Overall, the `MockChannel` class extends the `OChannelBinary` class and provides its own implementation of the `close` method. It also initializes a `ByteArrayOutputStream` object and overrides the output stream behavior. This class is likely used for testing or mocking purposes, simulating a custom channel behavior in the context of OrientDB remote communication.

Please note that this is just an overview of the class code, and there may be additional details or functionality within the class that is not mentioned here.
17. Take note that in line 8, an object of class `OQueryRequest` is created.

