0. Take note that in line 1, method `randomUUID` from class `UUID` is invoked.
1. Take note that in line 1, method `toString` from class `UUID` is invoked.
2. In line 2, an object of class `StatementReference` is instantiated.
3. Certainly! The code you provided is a constructor for the `StatementReference` class. Constructors are special methods that are called when an object of a class is created.

In this constructor, there is one parameter of type `String` called `id`. When a constructor is called, we need to pass a value for this parameter.

Inside the constructor, we have a single line of code: `this.id = id;`. In Java, `this` refers to the current instance of the class, and `id` refers to the parameter passed to the constructor.

So, essentially, this constructor assigns the value of the `id` parameter to the `id` field of the `StatementReference` class. It initializes the `id` field with the value provided when creating an object of the `StatementReference` class.
4. Take note that in line 1, an object of class `String` is created.
5. In line 2, an object of class `StatementReference` is instantiated
6. Sure! The code you provided defines a class named `StatementReference` in the `gov.adlnet.xapi.model` package. Here is its explanation:

1. The class `StatementReference` implements the `IStatementObject` interface.
2. It has a constant field `STATEMENT_REFERENCE` with a value of "StatementRef".
3. It has a private instance variable `id` of type `String`.
4. It has two constructors. The first constructor is empty and does not have any parameters. The second constructor has a parameter of type `String` named `id`, which is used to initialize the `id` instance variable.
5. The class has a method named `serialize()` that returns a `JsonElement`. Within this method:
   - A new `JsonObject` named `obj` is created.
   - The `objectType` property of `obj` is set to the value returned by the `getObjectType()` method of the class.
   - If the `id` instance variable is not `null`, the `id` property of `obj` is set to the value of the `id` instance variable.
   - Finally, `obj` is returned as a `JsonElement`.
6. The class has a method named `getObjectType()` that returns the value of the `STATEMENT_REFERENCE` constant field.
7. The class has a getter method `getId()` that returns the value of the `id` instance variable.
8. The class has a setter method `setId()` that sets the value of the `id` instance variable.

Overall, this class represents a statement object reference and provides methods to manipulate the object's properties and serialize it into a JSON format.

