0. In line 2, method `setId` of class `Statement` is invoked.
1. Certainly! 

The given method is a `void` method named `setId`. It takes a single parameter of type `String` named `id`. This method belongs to the class `Statement`.

Inside the method, the `id` parameter is assigned to the `id` field of the current instance using the `this` keyword. The `this` keyword refers to the current object (i.e., the instance of the `Statement` class). 

Overall, this method allows you to set the value of the `id` field for a particular instance of the `Statement` class.
2. In line 3, method `getId` of class `Statement` is invoked.
3. Certainly! 

The given code represents a method named `getId` within the `Statement` class. This method has a return type of `String`, indicating that it will return a value of type `String`.

Inside the method, there is a single statement:
```
return id;
```

This statement returns the value of the `id` field. The `id` field refers to a variable or property declared within the `Statement` class. It is assumed that `id` is a class-level variable or field and has been declared elsewhere in the class. 

In summary, when the `getId` method is invoked, it retrieves the value of the `id` field and returns it as a `String` value to the caller.
4. Take note that in line 1, an object of class `String` is created.
5. Take note that in line 3, an object of class `String` is created.

