0. In line 1, method `getMetadata` of class `ODatabase` is invoked.
1. The given code is a method definition for a method named `getMetadata` in the class `ODatabase`. 

This method has a return type of `OMetadata`, which indicates that the method will return an instance of the `OMetadata` class.

The method does not take any parameters because the parameter list is empty.

The method is described by a JavaDoc comment, which provides additional information about the method's purpose. In this case, the comment states that the method will return an instance of the `OMetadata` class, and it cannot be null.

To summarize, the `getMetadata` method is a method in the `ODatabase` class that returns an instance of the `OMetadata` class.
2. In line 1, method `getSchema` of class `OMetadata` is invoked.
3. The given code is a method definition for a method named `getSchema` in the class `OMetadata`. 

This method has a return type of `OSchema`, which indicates that the method will return an instance of the `OSchema` class.

The method does not take any parameters because the parameter list is empty.

To summarize, the `getSchema` method is a method in the `OMetadata` class that returns an instance of the `OSchema` class.
4. In line 1, method `createClass` of class `OSchema` is invoked.
5. Sure! 

The given code is a method definition for a method named `createClass` in the class `OSchema`. 

This method has a return type of `OClass`, which indicates that the method will return an instance of the `OClass` class.

The method takes a single parameter of type `String` named `iClassName`. This parameter represents the name of the class that will be created.

The method creates a new class with the specified class name and returns an instance of the `OClass` class representing the newly created class.

To summarize, the `createClass` method is a method in the `OSchema` class that takes a string parameter representing a class name and returns an instance of the `OClass` class. It is used to create a new class in the schema.
6. In line 2, an object of class `ODocument` is instantiated.
7. Certainly! The code snippet you provided is a constructor for the `ODocument` class.

The constructor takes a single parameter of type `String` named `iClassName`. This parameter represents the class name for which a new instance of `ODocument` will be created.

Inside the constructor, we have two method invocations:

1. `setup()`: This method is responsible for setting up the initial state of the `ODocument` instance. It may initialize necessary variables or perform any other required setup tasks.

2. `setClassName(iClassName)`: This method sets the class name of the `ODocument` instance. The `iClassName` parameter is passed to this method to specify the class name.

To summarize, the constructor initializes a new instance of the `ODocument` class in memory and sets the class name based on the provided `iClassName` parameter. Note that the instance is not immediately persisted but can be saved later using the `save()` method.
8. In line 3, method `field` of class `ODocument` is invoked.
9. Certainly! The code you provided is a method definition for the `field` method in the `ODocument` class.

The method has a return type of `ODocument`, indicating that it returns an instance of the `ODocument` class.

The method takes two parameters:
1. `iFieldName` - a `String` representing the name of the field to be written. If the field name contains dots (.), it allows accessing and modifying nested documents in a chain. However, this feature can be disabled by calling the `setAllowChainedAccess(boolean)` method and setting it to `false`.
2. `iPropertyValue` - an `Object` representing the value to be assigned to the field.

The method sets the value of the field specified by `iFieldName` to the value provided in `iPropertyValue`. It also sets the current document as dirty, indicating that changes have been made to the document.

The method then calls another `field` method, passing `iFieldName`, `iPropertyValue`, and an empty array of types as arguments. This overload of the `field` method allows specifying additional type information for the field.

The method finally returns the instance of the `ODocument` class on which the method was invoked, allowing for method chaining.

To summarize, the `field` method in the `ODocument` class writes a field value based on the provided field name and property value, sets the document as dirty, and returns the document instance itself for method chaining.
10. In line 4, method `save` of class `ODatabase` is invoked.
11. Certainly! The given code is a method definition for a method named `save` in an unknown class. The method is parametrized with a type `T`.

The method has a return type of `RET`, which indicates that it returns an instance of type `RET` that extends `T`.

The method takes a single parameter named `iObject` of type `T`. It represents the entity or object that needs to be saved.

The method saves the entity or object in synchronous mode. If the entity is not marked as dirty, meaning there have been no changes made to it, then the method simply ignores the operation and does not perform any saving action. This is to optimize performance by avoiding unnecessary persistence operations.

The method returns the saved entity, which is of type `RET`.

Overall, this `save` method is designed to persist an entity in a synchronous manner, but only if it has been marked as dirty. It returns the saved entity after the persistence operation is completed.
12. In line 5, an object of class `OSQLSynchQuery` is instantiated.
13. Certainly! 

The code you provided is a constructor code for the `OSQLSynchQuery` class. 

The constructor takes a single parameter of type `String` named `iText`. This parameter represents the query text.

Within the constructor, there are two important statements:

1. `super(iText)`: This line invokes the constructor of the superclass, passing `iText` as an argument. In this case, the superclass is not mentioned in the code, but it suggests that `OSQLSynchQuery` is extending another class and is utilizing its constructor. The `iText` parameter is likely being passed to initialize properties or perform necessary setup in the superclass.

2. `resultListener = this;`: This line assigns the current instance of `OSQLSynchQuery` to the `resultListener` field. It means that the current instance will handle the query results and implement the necessary logic for processing the query response.

To summarize, the provided constructor initializes an instance of `OSQLSynchQuery` by invoking the constructor of its superclass and assigns the current instance as the result listener for the query, indicating that it will handle the query results.
14. In line 5, method `query` of class `ODatabase` is invoked.
15. Sure! The method code you provided is a definition for the `query` method in an unknown class. The annotation `@Deprecated` indicates that this method is deprecated and should not be used. 

This method has a generic return type `RET` which extends `List<?>`. It means that the return type can be any implementation or subtype of `List`, but the specific type is not known.

The method takes two parameters:
1. `iCommand` of type `OQuery<?>`: This parameter represents the query command to be executed. The type `OQuery<?>` suggests that this method is expecting an instance of the `OQuery` class with some generic type argument.
2. `iArgs` of type `Object...`: This parameter represents optional parameters that can be bound to the query. It is an array of `Object` type and can accept multiple arguments.

The method executes the specified query against the database. If the storage used is remote (specifically, an `OStorageRemote` implementation), the command will be executed remotely, and the result will be returned back to the client making the call.

The method returns a list of POJOs (Plain Old Java Objects) as the query result. The specific type of the returning list is determined by the generic return type `RET`.

However, it is worth noting again that this method is marked as deprecated, suggesting that it is no longer recommended to use this method. Instead, it advises using either `query(String, Map)` or `query(String, Object...)` methods for executing queries.

Please note that to provide a complete understanding, it would be helpful to know the specific class to which this method belongs.
16. In line 2, an object of class `ODocument` is instantiated
17. Sure, go ahead and provide me with the method and class definitions that you would like me to summarize.
18. Take note that in line 3, an object of class `Object` is created.
19. Take note that in line 5, an object of class `ODocument` is created.
20. In line 5, an object of class `OSQLSynchQuery` is instantiated
21. The above code snippet represents the Java class `OSQLSynchQuery`. Here's a summary of the class:

1. The class extends `OSQLAsynchQuery` and implements `OCommandResultListener` and `Iterable<T>`.
2. It is a synchronous SQL query in which the caller waits for the result.
3. The class has a generic type parameter `<T>`, which represents the type of the result.
4. It contains a `OLegacyResultSet<T>` object named `result`, which stores the query result.
5. The class has a field `nextPageRID` of type `ORID`, which represents the RID (Record Identifier) of the record that will be processed first during pagination mode.
6. It also has a `previousQueryParams` field, which is a `Map<Object, Object>`, storing the previous query parameters.
7. The class provides multiple constructors for creating instances of `OSQLSynchQuery` with different arguments.
8. It overrides methods like `reset()`, `result()`, `end()`, `run()`, `isIdempotent()`, and more, to customize the behavior of the query execution.
9. It implements `Iterable<T>`, allowing the result to be iterated over using a for-each loop.
10. It provides methods like `getNextPageRID()` to retrieve the RID of the first record during pagination mode, `resetPagination()` to reset the pagination, `iterator()` to execute the query and return an iterator for the result, and `getResult()` to retrieve the query result.
11. The class also includes methods to serialize and deserialize the query parameters when writing to and reading from a stream.

Additionally, the code includes license information and package statements.
22. Take note that in line 5, an object of class `List` is created.

