0. In line 1, method `getLogger` of class `FluentLoggerFactory` is invoked.
1. Sure! 

This method is defined in the class `FluentLoggerFactory` and has the name `getLogger`. It takes a `String` parameter called `tagPrefix`. 

Within the method, it invokes another method called `getLogger` which belongs to the same class, passing in three arguments: `tagPrefix`, the string value `"localhost"`, and the integer value `24224`.

The `getLogger` method being invoked here is likely overloaded, meaning it has multiple versions with different parameters. In this case, it appears to have a version that accepts a `String`, a `String`, and an `int` as arguments.
2. Take note that in line 2, method `getLogger` from class `FluentLoggerFactory` is invoked.
3. Take note that in line 3, method `getLogger` from class `FluentLoggerFactory` is invoked.
4. Take note that in line 4, method `getLogger` from class `FluentLoggerFactory` is invoked.
5. Take note that in line 5, method `getLogger` from class `FluentLoggerFactory` is invoked.
6. In line 1, an object of class `FluentLogger` is instantiated
7. This code is a Java test class named `TestFluentLogger` that contains multiple test methods. Let's go through the code section by section:

1. The imports:
   - Various import statements for classes and packages are being used in the code.

2. Class definition:
   - The class `TestFluentLogger` is defined and it has associated annotations `@SuppressWarnings` and `@Test`.

3. Logger declaration:
   - An instance variable `_logger` of type `Logger` is declared and initialized using `LoggerFactory.getLogger` method from the `LoggerFactory` class.

4. Inner class `FixedThreadManager`:
   - An inner class `FixedThreadManager` is defined, which manages a fixed thread pool using `ExecutorService`.
   - It has a constructor that takes `numThreads` as an argument and initializes the `ExecutorService`.
   - It has two methods: `submit` to submit a `Runnable` task to the thread pool, and `join` to wait until the thread pool is terminated.

5. `@Before` annotated method `setUp()`:
   - This method is called before each test method execution.
   - It performs some setup or initialization tasks, including calling `System.gc()`.

6. `@Test` annotated method `testNormal01()`:
   - This method is a test case that verifies the behavior of `FluentLogger` in a normal scenario.
   - It starts a mock Fluentd server, creates a FluentLogger instance, logs some data using `log` method, closes the logger, and then checks the received data on the mock Fluentd server.

7. `@Test` annotated method `testNormal02()`:
   - This method is another test case that verifies the behavior of `FluentLogger` in a normal scenario with multiple loggers.
   - It starts a mock Fluentd server, creates multiple FluentLogger instances with different tags, logs data using each logger, closes all loggers, and then checks the received data on the mock Fluentd server.

8. `@Test` annotated method `testReconnection()`:
   - This method is a test case that verifies the reconnection feature of `FluentLogger` when the connection to the Fluentd server is lost.
   - It starts a mock Fluentd server, creates a FluentLogger instance, logs some data, simulates Fluentd server disconnection, tries to log more data, and then checks the reconnection and log data on the mock Fluentd server.

9. `@Test` annotated method `testClose()`:
   - This method is a test case that verifies the `closeAll` method of `FluentLogger`.
   - It creates multiple FluentLogger instances, checks the number of active loggers, closes all loggers, and then checks the number of active loggers again.

10. `@Test` annotated method `testInMultiThreading()`:
    - This method is a test case that verifies the behavior of `FluentLogger` in a multi-threaded environment.
    - It starts a mock Fluentd server, creates a FluentLogger instance, and spawns multiple threads that log data simultaneously using different tags.
    - After all threads finish logging, it checks the received data on the mock Fluentd server.

11. `@Test` annotated method `testFlushOnClose()`:
    - This method is a test case that verifies the `flush` behavior of `FluentLogger` when it is closed.
    - It starts a mock Fluentd server, creates a FluentLogger instance, logs some data, closes the logger, and then checks the received data on the mock Fluentd server.

12. `testGetSender()` method (missing `@Test` annotation):
    - This method is not annotated as a test case but simply checks the behavior of `getSender` method of `FluentLogger`.
    - It creates a `FluentLogger` instance and retrieves the associated sender object.

These test methods cover various scenarios and behaviors of the `FluentLogger` class. They use a mock Fluentd server to simulate the actual logging behavior and verify the correctness of the implementation.
8. Take note that in line 2, an object of class `FluentLogger` is created.
9. Take note that in line 3, an object of class `FluentLogger` is created.
10. Take note that in line 4, an object of class `FluentLogger` is created.
11. Take note that in line 5, an object of class `FluentLogger` is created.

