0. In line 1, an object of class `ODocument` is instantiated.
1. This constructor is for the `ODocument` class. It is marked as internal, which means it is only accessible within the class itself. The purpose of this constructor is to set up the newly created `ODocument` object.

Inside the constructor, the `setup()` method is called. This method is likely responsible for initializing any required fields or performing any necessary setup tasks for the `ODocument` object. By calling this method within the constructor, the setup process is automatically executed whenever a new `ODocument` object is created.

It's worth noting that without further context or the implementation details of the `ODocument` class, it is difficult to provide more specific information about the exact actions performed in the `setup()` method.
2. In line 2, method `unsetDirty` of class `ORecordInternal` is invoked.
3. This code snippet shows the `unsetDirty` method of the `ORecordInternal` class. Let's break down the method code:

```java
/**
 * Internal only. Unsets the dirty status of the record.
 */
public static void unsetDirty(final ORecord record) {
    final ORecordAbstract rec = (ORecordAbstract) record;
    rec.unsetDirty();
}
```
- The method is marked as `public static`, indicating that it can be accessed from other classes without the need to create an instance of the `ORecordInternal` class.

- The method takes a parameter of type `ORecord`, which represents a record object.

- Inside the method, the `record` object is cast to `ORecordAbstract` using `(ORecordAbstract) record`. This is done to access the specific methods and properties defined in the `ORecordAbstract` class, which is the parent class of `ORecordInternal`.

- Finally, the `unsetDirty` method is invoked on the `rec` object, which basically unsets the dirty status of the record. The exact functionality of the `unsetDirty` method would depend on the implementation in the `ORecordAbstract` class.

Overall, this method provides a way to externally unset the dirty status of a record, allowing the application to control when the record is considered "dirty" or changed.
4. In line 1, an object of class `ODocument` is instantiated
5. Java method definitions are written as follows:

```java
returnType methodName(parameterType1 parameter1, parameterType2 parameter2, ...)
```

- `returnType` specifies the type of value the method will return.
- `methodName` is the name of the method.
- `parameterType` specifies the type of each parameter that the method accepts.
- `parameter` is the name given to each parameter.

Here is an example of a Java method definition:

```java
public int sum(int num1, int num2) {
    return num1 + num2;
}
```

This method is called `sum` and accepts two parameters of type `int`. It returns the sum of the two parameters as an `int` type.

As for class definitions, they are written as follows:

```java
public class ClassName {
    // class variables (optional)
    
    // class constructor(s)
    
    // class methods
}
```

- `public` is an access modifier that specifies the visibility of the class.
- `ClassName` is the name given to the class.

Here is an example of a Java class definition:

```java
public class Person {
    // class variables
    String name;
    int age;
    
    // class constructor
    public Person(String name, int age) {
        this.name = name;
        this.age = age;
    }
    
    // class method
    public void printDetails() {
        System.out.println("Name: " + name);
        System.out.println("Age: " + age);
    }
}
```

This class is called `Person` and has two class variables (`name` and `age`). It also has a constructor that initializes these variables, and a method called `printDetails` that prints the name and age of the person.

